------------------------------------------------------------
Timing Analyzer Summary
------------------------------------------------------------

Type  : Setup 'hh1[0]'
Slack : -8.317
TNS   : -260.199

Type  : Setup 'modulo_deboucing:deboucing_1_count|modulo_ff_d:ff_1|q'
Slack : -4.099
TNS   : -21.065

Type  : Setup 'modulo_divisor_frequencia:div_1|modulo_ff_t:ff_1|q'
Slack : -1.787
TNS   : -11.066

Type  : Setup 'clk'
Slack : 2.060
TNS   : 0.000

Type  : Hold 'modulo_divisor_frequencia:div_1|modulo_ff_t:ff_1|q'
Slack : -2.339
TNS   : -2.339

Type  : Hold 'clk'
Slack : -2.114
TNS   : -2.114

Type  : Hold 'hh1[0]'
Slack : -0.829
TNS   : -2.712

Type  : Hold 'modulo_deboucing:deboucing_1_count|modulo_ff_d:ff_1|q'
Slack : 1.674
TNS   : 0.000

Type  : Minimum Pulse Width 'clk'
Slack : -2.289
TNS   : -2.289

Type  : Minimum Pulse Width 'hh1[0]'
Slack : -2.289
TNS   : -2.289

Type  : Minimum Pulse Width 'modulo_deboucing:deboucing_1_count|modulo_ff_d:ff_1|q'
Slack : 0.234
TNS   : 0.000

Type  : Minimum Pulse Width 'modulo_divisor_frequencia:div_1|modulo_ff_t:ff_1|q'
Slack : 0.234
TNS   : 0.000

------------------------------------------------------------
