------------------------------------------------------------
Timing Analyzer Summary
------------------------------------------------------------

Type  : Setup 'button_confirmation'
Slack : -3.531
TNS   : -21.847

Type  : Setup 'at_in[0]'
Slack : -2.782
TNS   : -17.985

Type  : Setup 'modulo_divisor_frequencia:div_1|modulo_ff_t:ff_1|q'
Slack : -1.708
TNS   : -7.904

Type  : Setup 'clk'
Slack : 1.925
TNS   : 0.000

Type  : Hold 'at_in[0]'
Slack : -6.449
TNS   : -97.240

Type  : Hold 'button_confirmation'
Slack : -3.681
TNS   : -67.571

Type  : Hold 'clk'
Slack : -1.979
TNS   : -1.979

Type  : Hold 'modulo_divisor_frequencia:div_1|modulo_ff_t:ff_1|q'
Slack : 1.078
TNS   : 0.000

Type  : Minimum Pulse Width 'at_in[0]'
Slack : -4.029
TNS   : -241.853

Type  : Minimum Pulse Width 'button_confirmation'
Slack : -2.289
TNS   : -2.289

Type  : Minimum Pulse Width 'clk'
Slack : -2.289
TNS   : -2.289

Type  : Minimum Pulse Width 'modulo_divisor_frequencia:div_1|modulo_ff_t:ff_1|q'
Slack : 0.234
TNS   : 0.000

------------------------------------------------------------
